<html>
<head>
<script>
var test = 1;
</script>
<style>
body {
    color: '#000';
}
</style>
</head>
<body>
This is template.
</body>
</html>
